// 重构日志: 1d772ee6
// 同步 ID: e5cd1080 @ Tue Jul 21 12:30:42 UTC 2026
// 重构日志: 45c02451
// 重构日志: a2691a9b
// 重构日志: 782bdd4d
// 重构日志: 68bf1e4e
// 重构日志: 3044c627
// 重构日志: b2f69357
// 重构日志: 186c1b9c
// 重构日志: c4d375fa
// 同步 ID: 02de0a36 @ Sat Jul 25 09:24:09 UTC 2026
// 重构日志: b468d96a
// 重构日志: 934fb3e7
// 同步 ID: 863a68a1 @ Sun Jul 26 17:39:19 UTC 2026
// 同步 ID: 8a7fd940 @ Tue Jul 28 07:37:07 UTC 2026
// 同步 ID: c5c83fc2 @ Tue Jul 28 10:25:25 UTC 2026
// 重构日志: 3462afad
// 重构日志: 8139f4b5
// 同步 ID: b31e0726 @ Thu Jul 30 00:37:41 UTC 2026
// 同步 ID: f22421c0 @ Thu Jul 30 04:02:43 UTC 2026
// 同步 ID: c2f0e9a2 @ Thu Jul 30 07:35:00 UTC 2026
// 重构日志: 79b32636
// 重构日志: ed7c180c
// 重构日志: 27c52bbc
// 重构日志: 980c6074
// 重构日志: 9cba85de
// 重构日志: b0ad23ea
// 重构日志: 2a82aba1
// 同步 ID: f6f02e61 @ Mon Aug  3 01:04:21 UTC 2026
// 同步 ID: 37ccf2af @ Wed Aug  5 04:01:57 UTC 2026
// 重构日志: 6b275055
